Fetching all items from the database
User star2 requested item list from 127.0.0.1
Found 22 items
Not Found: /.well-known/appspecific/com.chrome.devtools.json
D:\Progrmming\DJANGO\mysite\myapp\views.py changed, reloading.
Watching for file changes with StatReloader
D:\Progrmming\DJANGO\mysite\myapp\views.py changed, reloading.
Watching for file changes with StatReloader
D:\Progrmming\DJANGO\mysite\myapp\views.py changed, reloading.
Watching for file changes with StatReloader
D:\Progrmming\DJANGO\mysite\myapp\views.py changed, reloading.
Watching for file changes with StatReloader
D:\Progrmming\DJANGO\mysite\myapp\views.py changed, reloading.
Watching for file changes with StatReloader
D:\Progrmming\DJANGO\mysite\myapp\views.py changed, reloading.
Watching for file changes with StatReloader
D:\Progrmming\DJANGO\mysite\myapp\views.py changed, reloading.
Watching for file changes with StatReloader
D:\Progrmming\DJANGO\mysite\myapp\views.py changed, reloading.
Watching for file changes with StatReloader
D:\Progrmming\DJANGO\mysite\myapp\views.py changed, reloading.
Watching for file changes with StatReloader
D:\Progrmming\DJANGO\mysite\myapp\views.py changed, reloading.
Watching for file changes with StatReloader
D:\Progrmming\DJANGO\mysite\myapp\views.py changed, reloading.
Watching for file changes with StatReloader
D:\Progrmming\DJANGO\mysite\myapp\views.py changed, reloading.
Watching for file changes with StatReloader
D:\Progrmming\DJANGO\mysite\myapp\views.py changed, reloading.
Watching for file changes with StatReloader
Fetching all items from the database
User [2026-09-23T18:58:17.046773+00:00] star2 requested item list from 127.0.0.1
Found 22 items
Not Found: /.well-known/appspecific/com.chrome.devtools.json
Fetching all items from the database
User [2026-09-23T19:03:59.320700+00:00] star2 requested item list from 127.0.0.1
Found 22 items
Not Found: /.well-known/appspecific/com.chrome.devtools.json
Fetching all items from the database
User [2026-09-23T19:04:06.261934+00:00] star2 requested item list from 127.0.0.1
Found 22 items
Not Found: /.well-known/appspecific/com.chrome.devtools.json
Fetching all items from the database
User [2026-09-23T19:05:33.588328+00:00] star2 requested item list from 127.0.0.1
Found 22 items
Not Found: /.well-known/appspecific/com.chrome.devtools.json
Fetching all items from the database
User [2026-09-23T19:05:35.946158+00:00] star2 requested item list from 127.0.0.1
Found 22 items
Not Found: /.well-known/appspecific/com.chrome.devtools.json
Fetching all items from the database
User [2026-09-23T19:06:03.463292+00:00] star2 requested item list from 127.0.0.1
Found 22 items
Not Found: /.well-known/appspecific/com.chrome.devtools.json
Fetching all items from the database
User [2026-09-23T19:06:06.972381+00:00] star2 requested item list from 127.0.0.1
Found 22 items
Not Found: /.well-known/appspecific/com.chrome.devtools.json
Watching for file changes with StatReloader
Fetching all items from the database
User [2026-09-23T19:06:56.366262+00:00] star2 requested item list from 127.0.0.1
Found 22 items
Not Found: /.well-known/appspecific/com.chrome.devtools.json
Fetching all items from the database
User [2026-09-23T19:48:47.359165+00:00] star2 requested item list from 127.0.0.1
Found 22 items
Not Found: /.well-known/appspecific/com.chrome.devtools.json
Fetching all items from the database
User [2026-09-23T19:48:48.291584+00:00] star2 requested item list from 127.0.0.1
Found 22 items
Not Found: /.well-known/appspecific/com.chrome.devtools.json
Fetching all items from the database
User [2026-09-23T19:48:48.478451+00:00] star2 requested item list from 127.0.0.1
Found 22 items
Not Found: /.well-known/appspecific/com.chrome.devtools.json
Fetching all items from the database
User [2026-09-23T19:48:48.660765+00:00] star2 requested item list from 127.0.0.1
Found 22 items
Not Found: /.well-known/appspecific/com.chrome.devtools.json
Fetching all items from the database
User [2026-09-23T19:48:48.806040+00:00] star2 requested item list from 127.0.0.1
Found 22 items
Not Found: /.well-known/appspecific/com.chrome.devtools.json
Fetching all items from the database
User [2026-09-23T19:48:49.142571+00:00] star2 requested item list from 127.0.0.1
Found 22 items
Not Found: /.well-known/appspecific/com.chrome.devtools.json
Fetching all items from the database
User [2026-09-23T19:49:01.102280+00:00] star2 requested item list from 127.0.0.1
Found 22 items
Not Found: /.well-known/appspecific/com.chrome.devtools.json
Fetching all items from the database
User [2026-09-23T19:49:57.181569+00:00] star2 requested item list from 127.0.0.1
Found 22 items
Not Found: /.well-known/appspecific/com.chrome.devtools.json
Fetching all items from the database
User [2026-09-23T19:52:04.997129+00:00] star2 requested item list from 127.0.0.1
Found 22 items
Not Found: /.well-known/appspecific/com.chrome.devtools.json
Not Found: /.well-known/appspecific/com.chrome.devtools.json
Not Found: /.well-known/appspecific/com.chrome.devtools.json
Not Found: /.well-known/appspecific/com.chrome.devtools.json
Not Found: /.well-known/appspecific/com.chrome.devtools.json
Fetching all items from the database
User [2026-09-23T19:54:31.456818+00:00] star2 requested item list from 127.0.0.1
Found 22 items
Not Found: /.well-known/appspecific/com.chrome.devtools.json
Fetching all items from the database
User [2026-09-23T19:55:39.688209+00:00] star2 requested item list from 127.0.0.1
Found 22 items
Not Found: /.well-known/appspecific/com.chrome.devtools.json
Watching for file changes with StatReloader
